I'm sorry, but errors were detected in your script. Please correct the
errors listed below, and try again.


File "game/script.rpy", line 1168: Line is indented, but the preceding say statement statement does not expect a block. Please check this line's indentation.
    p "I found the princess!"
    ^

Ren'Py Version: Ren'Py 7.2.2.491
Mon May 06 20:08:05 2019
